MeatAxe.Lattice := [
[0,[]],
[20,[[1,1]]],
[20,[[1,2]]],
[20,[[1,3]]],
[20,[[1,4]]],
[20,[[1,5]]],
[20,[[1,6]]],
[128,[[1,7]]],
[40,[[2,2],[3,1]]],
[40,[[2,3],[4,1]]],
[40,[[2,4],[5,1]]],
[40,[[2,5],[6,1]]],
[40,[[2,6],[7,1]]],
[148,[[2,7],[8,1]]],
[40,[[3,3],[4,2]]],
[40,[[3,4],[5,2]]],
[40,[[3,5],[6,2]]],
[40,[[3,6],[7,2]]],
[148,[[3,7],[8,2]]],
[40,[[4,4],[5,3]]],
[40,[[4,5],[6,3]]],
[40,[[4,6],[7,3]]],
[148,[[4,7],[8,3]]],
[40,[[5,5],[6,4]]],
[40,[[5,6],[7,4]]],
[148,[[5,7],[8,4]]],
[40,[[6,6],[7,5]]],
[148,[[6,7],[8,5]]],
[148,[[7,7],[8,6]]],
[60,[[9,3],[10,2],[15,1]]],
[60,[[9,4],[11,2],[16,1]]],
[60,[[9,5],[12,2],[17,1]]],
[60,[[9,6],[13,2],[18,1]]],
[168,[[9,7],[14,2],[19,1]]],
[60,[[10,4],[11,3],[20,1]]],
[60,[[10,5],[12,3],[21,1]]],
[60,[[10,6],[13,3],[22,1]]],
[168,[[10,7],[14,3],[23,1]]],
[60,[[11,5],[12,4],[24,1]]],
[60,[[11,6],[13,4],[25,1]]],
[168,[[11,7],[14,4],[26,1]]],
[60,[[12,6],[13,5],[27,1]]],
[168,[[12,7],[14,5],[28,1]]],
[168,[[13,7],[14,6],[29,1]]],
[60,[[15,4],[16,3],[20,2]]],
[60,[[15,5],[17,3],[21,2]]],
[60,[[15,6],[18,3],[22,2]]],
[168,[[15,7],[19,3],[23,2]]],
[60,[[16,5],[17,4],[24,2]]],
[60,[[16,6],[18,4],[25,2]]],
[168,[[16,7],[19,4],[26,2]]],
[60,[[17,6],[18,5],[27,2]]],
[168,[[17,7],[19,5],[28,2]]],
[168,[[18,7],[19,6],[29,2]]],
[60,[[20,5],[21,4],[24,3]]],
[60,[[20,6],[22,4],[25,3]]],
[168,[[20,7],[23,4],[26,3]]],
[60,[[21,6],[22,5],[27,3]]],
[168,[[21,7],[23,5],[28,3]]],
[168,[[22,7],[23,6],[29,3]]],
[60,[[24,6],[25,5],[27,4]]],
[168,[[24,7],[26,5],[28,4]]],
[168,[[25,7],[26,6],[29,4]]],
[168,[[27,7],[28,6],[29,5]]],
[80,[[30,4],[31,3],[35,2],[45,1]]],
[80,[[30,5],[32,3],[36,2],[46,1]]],
[80,[[30,6],[33,3],[37,2],[47,1]]],
[188,[[30,7],[34,3],[38,2],[48,1]]],
[80,[[31,5],[32,4],[39,2],[49,1]]],
[80,[[31,6],[33,4],[40,2],[50,1]]],
[188,[[31,7],[34,4],[41,2],[51,1]]],
[80,[[32,6],[33,5],[42,2],[52,1]]],
[188,[[32,7],[34,5],[43,2],[53,1]]],
[188,[[33,7],[34,6],[44,2],[54,1]]],
[80,[[35,5],[36,4],[39,3],[55,1]]],
[80,[[35,6],[37,4],[40,3],[56,1]]],
[188,[[35,7],[38,4],[41,3],[57,1]]],
[80,[[36,6],[37,5],[42,3],[58,1]]],
[188,[[36,7],[38,5],[43,3],[59,1]]],
[188,[[37,7],[38,6],[44,3],[60,1]]],
[80,[[39,6],[40,5],[42,4],[61,1]]],
[188,[[39,7],[41,5],[43,4],[62,1]]],
[188,[[40,7],[41,6],[44,4],[63,1]]],
[188,[[42,7],[43,6],[44,5],[64,1]]],
[80,[[45,5],[46,4],[49,3],[55,2]]],
[80,[[45,6],[47,4],[50,3],[56,2]]],
[188,[[45,7],[48,4],[51,3],[57,2]]],
[80,[[46,6],[47,5],[52,3],[58,2]]],
[188,[[46,7],[48,5],[53,3],[59,2]]],
[188,[[47,7],[48,6],[54,3],[60,2]]],
[80,[[49,6],[50,5],[52,4],[61,2]]],
[188,[[49,7],[51,5],[53,4],[62,2]]],
[188,[[50,7],[51,6],[54,4],[63,2]]],
[188,[[52,7],[53,6],[54,5],[64,2]]],
[80,[[55,6],[56,5],[58,4],[61,3]]],
[188,[[55,7],[57,5],[59,4],[62,3]]],
[188,[[56,7],[57,6],[60,4],[63,3]]],
[188,[[58,7],[59,6],[60,5],[64,3]]],
[188,[[61,7],[62,6],[63,5],[64,4]]],
[100,[[65,5],[66,4],[69,3],[75,2],[85,1]]],
[100,[[65,6],[67,4],[70,3],[76,2],[86,1]]],
[208,[[65,7],[68,4],[71,3],[77,2],[87,1]]],
[100,[[66,6],[67,5],[72,3],[78,2],[88,1]]],
[208,[[66,7],[68,5],[73,3],[79,2],[89,1]]],
[208,[[67,7],[68,6],[74,3],[80,2],[90,1]]],
[100,[[69,6],[70,5],[72,4],[81,2],[91,1]]],
[208,[[69,7],[71,5],[73,4],[82,2],[92,1]]],
[208,[[70,7],[71,6],[74,4],[83,2],[93,1]]],
[208,[[72,7],[73,6],[74,5],[84,2],[94,1]]],
[100,[[75,6],[76,5],[78,4],[81,3],[95,1]]],
[208,[[75,7],[77,5],[79,4],[82,3],[96,1]]],
[208,[[76,7],[77,6],[80,4],[83,3],[97,1]]],
[208,[[78,7],[79,6],[80,5],[84,3],[98,1]]],
[208,[[81,7],[82,6],[83,5],[84,4],[99,1]]],
[100,[[85,6],[86,5],[88,4],[91,3],[95,2]]],
[208,[[85,7],[87,5],[89,4],[92,3],[96,2]]],
[208,[[86,7],[87,6],[90,4],[93,3],[97,2]]],
[208,[[88,7],[89,6],[90,5],[94,3],[98,2]]],
[208,[[91,7],[92,6],[93,5],[94,4],[99,2]]],
[208,[[95,7],[96,6],[97,5],[98,4],[99,3]]],
[120,[[100,6],[101,5],[103,4],[106,3],[110,2],[115,1]]],
[228,[[100,7],[102,5],[104,4],[107,3],[111,2],[116,1]]],
[228,[[101,7],[102,6],[105,4],[108,3],[112,2],[117,1]]],
[228,[[103,7],[104,6],[105,5],[109,3],[113,2],[118,1]]],
[228,[[106,7],[107,6],[108,5],[109,4],[114,2],[119,1]]],
[228,[[110,7],[111,6],[112,5],[113,4],[114,3],[120,1]]],
[228,[[115,7],[116,6],[117,5],[118,4],[119,3],[120,2]]],
[248,[[121,7],[122,6],[123,5],[124,4],[125,3],[126,2],[127,1]]]
];
