matrix field=3 rows=20 cols=20
01000000000000000000
00001000000000000000
00000001000000000000
00000000010000000000
00000000000100000000
00000000000000100000
00000000000000001000
00000000000000000100
00000000000000000010
00000000000000000001
11121000202210021011
00220000112100010211
21002222210211002212
21011212022121101020
12112221120212202222
10102100220021220010
01121110211201201210
22201001021122021121
21210221121212012222
22202021211011000112
