matrix field=3 rows=20 cols=20
01000000000000000000
00001000000000000000
00000001000000000000
00000000010000000000
00000000001000000000
00000000000001000000
00000000000000010000
00000000000000000100
02022000000002100220
12210220211001011222
20212110222022010011
02111220101222110111
00200220002002210021
21100021211210002010
20121021001112010021
22200220012101120012
01112020220220101101
20120122002220100012
10111101222102221022
10222121211202100022
