integer-matrix rows=20 cols=2
1 -1
0 0
0 1
0 2
1 0
1 1
1 2
2 0
2 2
3 0
4 0
4 1
4 2
5 0
5 2
6 0
6 1
7 0
7 1
7 2
