matrix field=3 rows=20 cols=20
00100000000000000000
00000100000000000000
10000000000000000000
20000000020000000000
00000000000100000000
01000000000000000000
00000000000000001000
00000000000000000010
12221210212222112022
00220000000000000000
20222120022212212211
00001000000000000000
00112200100000002202
00010100011110211211
00122121021120001202
20012121012222122202
00000010000000000000
21000102001211222201
00000001000000000000
20221101201201220121
