matrix field=3 rows=24 cols=24
102121100000001021100001
221002101000200002100002
102211000000001211000001
222000000021002022200001
112211110020102001021002
000021021102110110111120
000110012121012210121210
000010121211110020222120
212102211010001001000012
222202000100001001100202
000210120102211210211110
001020111110220120221101
111201002020202022000002
122122000100012002020102
102112000000002021001022
212102012002002100100001
112200000001202012110002
000010211012120121121210
000020012121110120212210
111102000202002101020001
001020111221110110212221
211101021000012002000112
202222000200011022000011
110202000100001002000011
