1 Permutation of degree 20
1 Permutation of degree 20
24 x 24 matrix over GF(2)
24 x 24 matrix over GF(5)
24 x 24 matrix over GF(25)
1 Permutation of degree 20
24 x 24 matrix over GF(256)
24 x 24 matrix over GF(125)
1 Permutation of degree 20
