matrix field=9 rows=24 cols=24
122011002010012010121100
021220101122000000122000
121022120210021021020200
222001222112112000000000
211220111102211120010121
202101010010002012010100
001210001122211122212212
000202012012201220022012
010210102220111222122012
020211021010011102220101
000122212202100000120021
212210010212210012001002
210012001110020002220001
112000012220121121101212
011101000010110020120200
022101021022022121221011
211110000220210120101210
112020222122110001010001
220100112010021020002020
100110000012110012010222
111200222002010102222121
012102221011022200220222
201101010210212221122121
112222022202002212200211
