matrix field=5 rows=24 cols=24
021330134430001010111000
240224431110000000404100
040441030024004041440400
401334440114111000000000
200331120440000001111000
230014100040041014000000
121010114441400000000000
202244000001410101410100
002221034444011011011000
111110110400000001010000
141440244114221230244141
121110100004101010001401
121312411211001104404101
421234341001340321211014
034330431124110040040400
201404014041410000010104
331042233330440410001400
204413204230444411111400
403440121124044040440440
304021233430201143443101
344420133134312102444141
340321223044111144344140
230334004200322233343241
304220110000000000101000
