   0  112  7 1 2 3 4 5 6 7 -1
   1   56  2 3 6 -1
   2   46  2 4 6 -1
   3   12  3 5 6 7 -1
   4    1  1 6 -1
   5   11  1 1 -1
   6   66  2 1 2 -1
   7   45  1 1 -1
   8   56  1 2 -1
   9   56  1 3 -1
