matrix field=2 rows=24 cols=26
00111011110000101011100000
01011110111000000010110000
01011100000100101111010000
00100111011111100000000000
10011110011000000111100010
01001110001001101100000000
10101011111110000000000010
00011100000111010111010000
00000101111101101101100000
11111011010000000101000010
11101111000100100011111111
10111010000110101000110111
00110110101100110110110101
00100011011101000101101101
00100010110111001001010000
00110101101111000001010101
01110001000011011000110000
00110101110011111111110000
10011011110101101011011010
00100011101000111011010101
01110101101111010111111101
01000010110111111101111000
00010010011010000001001101
00100011000000000010100000
