integer-matrix rows=40 cols=2
1 -1
0 0
0 1
0 2
1 0
1 1
1 2
2 0
2 1
2 2
4 0
4 1
4 2
5 0
5 1
5 2
7 0
7 2
8 2
10 1
10 2
11 0
11 1
11 2
13 0
13 2
14 2
16 2
19 0
19 1
19 2
21 0
21 2
22 2
24 2
28 0
28 2
29 2
31 2
35 2
