matrix field=3 rows=20 cols=20
00010000000000000000
00000010000000000000
00000000100000000000
10000000000000000000
00000000000010000000
00000000000000100000
01000000000000000000
00000000000000000001
00100000000000000000
02012012021212010210
00001002001020000001
10112002210211220202
00001000000000000000
11121120221021100110
00000100000000000000
12010112001101000012
12020012021000201111
01222220101111220111
01122220201111220021
00000001000000000000
