matrix field=3 rows=20 cols=20
01000000000000000000
00001000000000000000
00000001000000000000
00000000010000000000
00000000000100000000
00000000000000100000
00000000000000001000
00000000000000000100
00000000000000000001
21110221220020012020
10200000020020200000
22002121221111111000
12222120221222012002
22000010010011100101
01102102100122010200
21112122120120012200
12222210110200221010
21222201222011112100
10110112000001201002
10220212110010021010
