matrix field=3 rows=20 cols=20
00100000000000000000
00000100000000000000
10000000000000000000
00000000001000000000
00000000000010000000
01000000000000000000
00000000000000000100
00000000000000000001
21022112211201100111
20220121021110110101
00010000000000000000
00212110201201011120
00001000000000000000
20011222112202000011
00002000000020200000
02101000101222202110
21200121011201010000
00000010000000000000
10121101110110101020
00000001000000000000
