matrix field=3 rows=20 cols=20
00010000000000000000
00000010000000000000
00000000100000000000
10000000000000000000
00000000000001000000
00000000000000010000
01000000000000000000
21000021200221110000
00100000000000000000
12221110110000011001
10221020122000001001
22212200010200022002
11021011210101222002
00001000000000000000
10012111020110101001
00000100000000000000
20111210210002021002
20021222010220102202
22000210200221120010
10221220120000021000
