matrix field=3 rows=20 cols=20
01000000000000000000
00001000000000000000
00000001000000000000
00000000010000000000
00000000000100000000
00000000000000100000
00000000000000010000
00000000000000001000
00111101201020120000
00000000000000000100
11201120101021100000
00000000000000000010
22200002010110011000
12011121001110100200
10210002021112101000
11101001202010100200
01010011121220022000
00000000000000000001
20212201112002122000
12121021021000200202
