matrix field=3 rows=20 cols=20
00100000000000000000
00000100000000000000
10000000000000000000
01000200100000000000
00000000001000000000
01000000000000000000
00000000000000010000
00000000000000000010
01010200000000000000
21001220000212211111
00001000000000000000
10221121102120100210
00021022102010010010
01211121101102200100
02001202002020220200
00000010000000000000
10110101102010012100
00010002200000000110
00000001000000000000
01122211110222211020
