matrix field=3 rows=20 cols=20
00100000000000000000
00000100000000000000
10000000000000000000
00000000001000000000
00000000000010000000
01000000000000000000
02000002002000000000
00020220000000000000
11120001202020100000
10001212002021100000
00010000000000000000
22112020022201212000
00001000000000000000
01220210011000200000
01011011000020100000
22021110001012202000
01010011020020020000
21002022022120101100
00020020000010200020
00101221220202202011
