matrix field=3 rows=20 cols=20
00010000000000000000
22020000000000000000
00000001000000000000
10000000000000000000
00000000000100000000
00000000000001000000
00000000000000001000
00100000000000000000
02012011101220000020
11112211212221101010
21112220101212000010
00001000000000000000
21112100102201001010
00000100000000000000
11201211102112202010
01222100000221112000
00000010000000000000
01020222102012000210
20121101000101000020
00002022201210120022
