matrix field=3 rows=20 cols=20
00010000000000000000
00000010000000000000
00000000100000000000
10000000000000000000
00000000000001000000
00000000000000010000
01000000000000000000
01100121200000020000
00100000000000000000
22102120210011220020
00200000101000000000
10200211100100202012
12221210102212011002
00001000000000000000
21111120202202121002
00000100000000000000
20101110200012221020
10101220202222111112
12100100200020120020
10001202001112020010
