matrix field=3 rows=20 cols=20
00100000000000000000
00000100000000000000
10000000000000000000
00000000001000000000
00000000000010000000
01000000000000000000
00200020020000000000
00000000000000000010
01122010222110012220
20100000010000000000
00010000000000000000
20111011112121121021
00001000000000000000
01122011212021210111
22002021200211020010
10220201221110010210
21110121220020010020
01220200100121112021
00000001000000000000
11200101220110000211
