matrix field=3 rows=1 cols=400
10122020120110112021002201012202221211011221000000220021111122101011221200012111
20010002211212101110010000220101000000202001020220200202102201012220112021100110
12022021001210002020220211010000202212200021102210020111202012222100202101112222
12001002120012012001020020210011201200001120100102110110110012110020021112002012
21121010212220120221011110010202001021222011122122220001220111110020000210021210
