      gen1                  p1a    1   56
      gen1                  p1b    1   64
      gen1                   p2    2   64
      gen1                  p4a    4    0
      gen1                  p4b    4    0
      gen1                  p4c    4    0
      gen1                  p4d    4    0
      gen2                  p1a    1   56
      gen2                  p1b    1   64
      gen2                   p2    2   64
