matrix field=67 rows=12 cols=12
 41 27  0  0  0  0  0  0  0  0  0  0
 27 14  0  0  0  0  0  0  0  0  1  0
  0  0  1  0  0  0  0  0  0  0  0  0
  0  0  0  1  0  0  0  0  0  0  0  0
  0  0  0  0  1  0  0  0  0  0  0  0
  0  0  0  0  0  0  0  0  1  0  0  0
  0  0  0  0  0  0  1  0  0  0  0  0
  0  0  0  0  0  0  0  1  0  0  0  0
  0  0  0  0  0  1  0  0  0  0  0  0
  0  0  0  0  0  0  0  0  0  1  0  0
  0 27  0  0  0  0  0  0  0  0  0  0
  0  0  0  0  0  0  0  0  0  0  0  1
