matrix field=67 rows=15 cols=15
 34  1  0  0  0  0  0  0  0  0  0  0  0  0  0
  0  0  1  0  0  0  0  0  0  0  0  0  0  0  0
  0  0  0 34  0  0  0  0  0  0  0  0  0  0  0
 34  0  0  0  0  0  1  0  0  0  0  0  0  0  0
  0  0  0 34 34  0  0  0  0  0  0  0  0  0  0
  0  0  0  0 34 34  0  0  0  0  0  0  0  0  0
  0  0  0  0  0 34  0  0  0  0  0  0  0  0  0
  0  0  0  0  0  0  0  1  0  0  0  0  0  0  0
  0  0  0  0  0  0  0  0  1  0  0  0  0  0  0
  0  0  0  0  0  0  0  0  0  1  0  0  0  0  0
  0  0  0  0  0  0  0  0  0  0  1  0  0  0  0
  0  0  0  0  0  0  0  0  0  0  0  1  0  0  0
  0  0  0  0  0  0  0  0  0  0  0  0  1  0  0
  0  0  0  0  0  0  0  0  0  0  0  0  0  1  0
  0  0  0  0  0  0  0  0  0  0  0  0  0  0  1
