LogTest warning: -1
LogTest error: -2
LogTest warning: -1
LogTest error: -2
