matrix field=13 rows=16 cols=16
  0  0  0  0  1  0  0  0  0  0  0  0  0  0  0  0
  0  0  0  0  0  0  0  0  1  0  0  0  0  0  0  0
  0  0  0  0  0  0  0  0  0  0  0  0  1  0  0  0
  0  0  0  0  0  0  0  0  0  0  0  0  0  1  0  0
  0  0  0  0  0  0  0  0  0  0  0  0  0  0  0  1
  3  1  1  5  9  3  6 11  1 10  5  0  5  3  7 11
 10  0  5  6  0 11  2  7  3  6 12  8 11 12 10  9
  0  3  7  3 12  9  8  3 10  2  1  6 12  5  7  3
 11  7  3  7  1  5  5  1  7  6  2  4  4  8  6  7
  1 11 12  3 10  3  1  4  8  3  6 12  3  6 11  4
  9  1 12  6  7  5 11  1  4  8  7  3  0  3  1  5
  0 12  5  6 12 12 10  6 10  0 12  8  6 10  2  1
  7  8  8  0  3  5 12  2  2  5 10  9  3 12  3  8
  1 11  7 11  7 10  4  3 12 11 12  0 10  4  9  3
  2 12  4  4 10  8  7  0  0 12  5 11  7 12  3  0
  1  0  0  0  0  0  0  0  0  0  0  0  0  0  0  0
