matrix field=13 rows=16 cols=16
  0  0  1  0  0  0  0  0  0  0  0  0  0  0  0  0
  0  0  0  0  0  0  1  0  0  0  0  0  0  0  0  0
  0  0  0  0  0  0  0  0  0  0  1  0  0  0  0  0
  0  0  0  0  0  0  0  0  0  0  0  1  0  0  0  0
  0  0  0  0  0  0  0  0  0  0  0  0  1  0  0  0
  5  3  4  0  8  1  2  3  5  2  9  0  9 11  0  3
 10  1 11  7  2 11  0  3  0  5  8  0  7  5 10  3
  8  6  6 12  4 10  1  5  5  8  4  2  4  2  3  8
 10  0  5  6  0 11  2  7  3  6 12  8 11 12 10  9
  7  4  4  1  5  6 12  4  7 11  8  7  1  5  9  2
  9  8  7 10  6  6 12  2 11  4 11  2  7 10  2  0
  1  3  5  1  0  3  3  5  6  9  6  1 12  4  0  9
  9  1 12  6  7  5 11  1  4  8  7  3  0  3  1  5
  0 12  5  6 12 12 10  6 10  0 12  8  6 10  2  1
  7 10  6 12  8  8 11  2  1 11  3  9  2  6  2 10
  7  8  8  0  3  5 12  2  2  5 10  9  3 12  3  8
