matrix field=13 rows=16 cols=16
  0  0  0  1  0  0  0  0  0  0  0  0  0  0  0  0
  0  0  0  0  0  0  0  1  0  0  0  0  0  0  0  0
  0  0  0  0  0  0  0  0  0  0  0  1  0  0  0  0
  1  0  0  0  0  0  0  0  0  0  0  0  0  0  0  0
  0  0  0  0  0  0  0  0  0  0  0  0  0  0  1  0
  5  6 12  9  5  5  4  3 10  6  8  8  5 11 11  7
  8  6  6 12  4 10  1  5  5  8  4  2  4  2  3  8
  0  1  0  0  0  0  0  0  0  0  0  0  0  0  0  0
 10  0 12  6  7  7  5 11  8  1 10  6 11  1  0  9
  9 12  3 12  6  3  8 12 11 12  9  2  1  3  4  4
  1  3  5  1  0  3  3  5  6  9  6  1 12  4  0  9
  0  0  1  0  0  0  0  0  0  0  0  0  0  0  0  0
  7 10  6 12  8  8 11  2  1 11  3  9  2  6  2 10
  4  0  9  1  4  7 10  5  0 12 12  7 12 12 12 10
  0  0  0  0  1  0  0  0  0  0  0  0  0  0  0  0
 10 10  8  6 10 12  2  7  8  0  9  9  3  2  5  6
