matrix field=3 rows=2 cols=24
012010022202110112200100
002122221110202020022021
