matrix field=3 rows=24 cols=24
212002010120021001202121
011221201021020002001122
100112100212201100101000
000202200001012122202221
012010110212220021201111
000111000101122222202202
110021010220002112111021
121011121211000202210001
221102211210200100220121
211221010010210200020001
010020122002022012101221
200101202212021102201122
000122010222012021001122
210100011221122111102211
211112211111012221100020
101211112202122112201122
012202111012012012221102
020100011001012010122221
000101000021222022002111
011020022120021221211112
010110200001012112212210
220121210110121210020000
202201221110101200221211
211120002101012112202222
