matrix field=5 rows=24 cols=26
02133013443000101011100000
24022443111000000040410020
04044103002400404144040000
40133444011411100000000040
20033112044000000111100020
23001410004004101400000020
12101011444140000000000010
20224400000141010141010020
00222103444401101101100000
11111011040000000101000010
14144024411422123024414111
12111010000410101000140111
12131241121100110440410111
42123434100134032121101444
03433043112411004004040000
20140401404141000001010424
33104223333044041000140030
20441320423044441111140020
40344012112404404044044040
30402123343020114344310131
34442013313431210244414131
34032122304411114434414030
23033400420032223334324121
30422011000000000010100030
