matrix field=3 rows=13 cols=13
0010000000000
0001000000000
0000100000000
0000001000000
1001002000000
0000000010000
0200000000000
0000000001000
0000000000100
2221012002200
0000000000010
0000000000001
1102102111000
