matrix field=3 rows=15 cols=15
010000000000000
100000000000000
000010000000000
000000100000000
001000000000000
222122100000000
000100000000000
001210220000000
220000002000000
000000000001000
110100100121000
000000000100000
000000000000001
002020000202020
000000000000100
