matrix field=3 rows=20 cols=20
01000000000000000000
10000000000000000000
00001000000000000000
00000100000000000000
00100000000000000000
00010000000000000000
00000000010000000000
00000000000100000000
22222211210100000000
00000010000000000000
00000000000000010000
00000001000000000000
00000000000000000100
00000000000000000001
01002102001101112022
00000000001000000000
11021001002222022111
00000000000010000000
00221102000111000212
00000000000001000000
