matrix field=3 rows=20 cols=20
00100000000000000000
00010000000000000000
22020000000000000000
00000010000000000000
00000001000000000000
00000000100000000000
00000000001000000000
00000000000010000000
00000000000001000000
00000000000000100000
20100010000000000000
00000000000000001000
00000000000000000010
00122112120000200221
12210212222111100202
02221222220112002020
22010000001100222200
21010100112100212111
21112010122210012220
11221102210212102220
