matrix field=3 rows=6 cols=6
001000
000100
000010
000001
100101
020000
