permutation degree=20
3 2 4 5 10 1 7 6 19 9 11 12 13 17 15 16 14 18 8 20 
