x1a = ac1a
x1b = ac1b
x6a = ac6a
x6b = ac6b
x13a = ac13a
x13b = ac13b
x15a = ac15a
x15b = ac15b
x20a = ac20a
