integer-matrix rows=1 cols=20
0 0 0 0 0 0 0 0 0 0 1 2 3 4 5 6 4 7 0 8
integer-matrix rows=1 cols=9
11 1 1 1 2 1 1 1 1
