matrix field=25 rows=5 cols=15
  3  3  3  0  2  2  0  4  4  0  0  0  0  0  0
  0  0  4  0  4  4  0  1  1  0  0  1  1  0  0
  3  3  3  0  0  0  0  3  3  0  0  3  3  0  0
  3  3  0  0  4  4  0  2  2  0  0  1  1  0  0
  0  0  4  0  3  3  0  1  1  0  0  1  1  0  0
