MeatAxe.Lattice := [
[0,[]],
[1,[[1,1]]],
[45,[[2,3]]],
[11,[[2,2]]],
[55,[[3,2],[4,3]]],
[12,[[4,1]]],
[46,[[3,1]]],
[56,[[5,1],[7,2]]],
[56,[[6,3]]],
[56,[[6,3]]],
[56,[[5,1],[6,3]]],
[66,[[8,2]]],
[56,[[5,1]]],
[57,[[8,1],[11,1],[13,1]]],
[100,[[9,3],[10,3],[11,3]]],
[67,[[12,1],[14,2]]],
[101,[[14,3],[15,1]]],
[111,[[16,3],[17,2]]],
[112,[[18,1]]]
];
