matrix field=2 rows=10 cols=10
0100000000
0001000000
1110100000
0000001000
0000000010
0001010010
1101001000
1011010101
1110001001
1110010010
